[index-2.html]
[external.html]
[backblue.gif]
[fade.gif]
[node/1.html]
[home.html]
[index.html]
[about.html]
[chapter-1.html]
[chapter-2.html]
[chapter-3.html]
[chapter-4.html]
[chapter-5.html]
[chapter-6.html]
[map.html]
[feedback.html]
[ajax/libs/jquery/1.4.4/jquery.min.js]
[analytics.js]
[index-2.html]
[node/about.40.delayed]
[node/chapter-4]
[node/1.html]
[home.html]
[misc/throbber-inactive.png]
[misc/throbber-active.gif]
[misc/grippie.png]
[misc/draggable.png]
[misc/tree.png]
[misc/tree-bottom.png]
[modules/system/system.base063b.css]
[misc/menu-expanded.png]
[misc/menu-collapsed.png]
[misc/menu-leaf.png]
[modules/system/system.menus063b.css]
[misc/message-24-ok.png]
[misc/message-24-warning.png]
[misc/message-24-error.png]
[modules/system/system.messages063b.css]
[misc/help.png]
[misc/progress.gif]
[modules/system/system.theme063b.css]
[modules/comment/comment063b.css]
[modules/field/theme/field063b.css]
[sites/all/modules/logintoboggan/logintoboggan063b.css]
[modules/node/node063b.css]
[modules/search/search063b.css]
[modules/user/user063b.css]
[sites/all/modules/views/css/views063b.css]
[sites/all/modules/ctools/images/status-active.gif]
[sites/all/modules/ctools/css/ctools063b.css]
[sites/all/modules/panels/css/panels063b.css]
[sites/all/modules/typogrify/typogrify063b.css]
[sites/all/themes/adaptivetheme/adaptivetheme/css/at.base063b.css]
[sites/all/themes/adaptivetheme/adaptivetheme/css/at.layout063b.css]
[sites/all/themes/adaptivetheme/adaptivetheme/css/images/help.png]
[sites/all/themes/adaptivetheme/adaptivetheme/css/at.messages063b.css]
[sites/all/themes/adaptivetheme/adaptivetheme/css/images/warning.png]
[sites/all/themes/forgottenchapters/css/fonts/ClarendonSerial.ttf]
[sites/all/themes/forgottenchapters/css/fonts/ClarendonSerial-Medium.ttf]
[sites/all/themes/forgottenchapters/css/fonts/ClarendonSerial-Light.ttf]
[sites/all/themes/forgottenchapters/css/fonts063b.css]
[sites/all/themes/forgottenchapters/css/html-elements063b.css]
[sites/all/themes/forgottenchapters/css/forms063b.css]
[sites/all/themes/forgottenchapters/css/images/forum-default.png]
[sites/all/themes/forgottenchapters/css/tables063b.css]
[sites/all/themes/forgottenchapters/css/fields063b.css]
[sites/all/themes/forgottenchapters/images/home_preface_bg.jpg]
[sites/all/themes/forgottenchapters/images/page_preface_bg.jpg]
[sites/all/themes/forgottenchapters/images/page_bg.jpg]
[sites/all/themes/forgottenchapters/css/page063b.css]
[sites/all/themes/forgottenchapters/css/navigation063b.css]
[sites/all/themes/forgottenchapters/css/articles063b.css]
[sites/all/themes/forgottenchapters/css/comments063b.css]
[sites/all/themes/forgottenchapters/css/blocks063b.css]
[sites/all/themes/forgottenchapters/colorbox/images/controls.png]
[sites/all/themes/forgottenchapters/colorbox/images/border.png]
[sites/all/themes/forgottenchapters/colorbox/images/loading_background.png]
[sites/all/themes/forgottenchapters/colorbox/images/loading.gif]
[sites/all/themes/forgottenchapters/colorbox/colorbox063b.css]
[sites/all/themes/forgottenchapters/images/scroll-bg.png]
[sites/all/themes/forgottenchapters/images/scroll-pill.png]
[sites/all/themes/forgottenchapters/images/scroll-top.png]
[sites/all/themes/forgottenchapters/images/scroll-down.png]
[sites/all/themes/forgottenchapters/css/jquery.jscrollpane063b.css]
[sites/all/themes/forgottenchapters/images/jplayer-play.png]
[sites/all/themes/forgottenchapters/images/jplayer-pause.png]
[sites/all/themes/forgottenchapters/css/jplayer.blue.monday.jpg]
[sites/all/themes/forgottenchapters/css/pbar-ani.gif]
[sites/all/themes/forgottenchapters/css/jplayer.blue.monday.video.play.png]
[sites/all/themes/forgottenchapters/css/jplayer.blue.monday.video.play.hover.png]
[sites/all/themes/forgottenchapters/css/jplayer063b.css]
[sites/all/themes/forgottenchapters/images/search_bg.jpg]
[sites/all/themes/forgottenchapters/images/view-site.png]
[sites/all/themes/forgottenchapters/images/intro_header.png]
[sites/all/themes/forgottenchapters/images/front-chapter-1.jpg]
[sites/all/themes/forgottenchapters/images/front-chapter-2.jpg]
[sites/all/themes/forgottenchapters/images/front-chapter-3.jpg]
[sites/all/themes/forgottenchapters/images/front-chapter-4.jpg]
[sites/all/themes/forgottenchapters/images/front-chapter-5.jpg]
[sites/all/themes/forgottenchapters/images/front-chapter-6.jpg]
[sites/all/themes/forgottenchapters/images/front-about-exhibit.jpg]
[sites/all/themes/forgottenchapters/images/front-literary-history.jpg]
[sites/all/themes/forgottenchapters/images/main-menu-bg.jpg]
[sites/all/themes/forgottenchapters/images/menu/menu-seperator.png]
[sites/all/themes/forgottenchapters/images/menu/home.png]
[sites/all/themes/forgottenchapters/images/menu/about.png]
[sites/all/themes/forgottenchapters/images/menu/chapter1.png]
[sites/all/themes/forgottenchapters/images/menu/chapter2.png]
[sites/all/themes/forgottenchapters/images/menu/chapter3.png]
[sites/all/themes/forgottenchapters/images/menu/chapter4.png]
[sites/all/themes/forgottenchapters/images/menu/chapter5.png]
[sites/all/themes/forgottenchapters/images/menu/chapter6.png]
[sites/all/themes/forgottenchapters/images/left-break.jpg]
[sites/all/themes/forgottenchapters/images/books_index.jpg]
[sites/all/themes/forgottenchapters/images/maphome.jpg]
[sites/all/themes/forgottenchapters/images/closeindex.jpg]
[sites/all/themes/forgottenchapters/images/homepageheader2.jpg]
[sites/all/themes/forgottenchapters/images/interiorheader.jpg]
[sites/all/themes/forgottenchapters/images/aboutexhibithome.jpg]
[sites/all/themes/forgottenchapters/images/bookspine1.jpg]
[sites/all/themes/forgottenchapters/images/bookspine2.jpg]
[sites/all/themes/forgottenchapters/images/bookspine3.jpg]
[sites/all/themes/forgottenchapters/images/bookspine4.jpg]
[sites/all/themes/forgottenchapters/images/bookspine5.jpg]
[sites/all/themes/forgottenchapters/images/bookspine6.jpg]
[sites/all/themes/forgottenchapters/images/audiobutton-homepage.jpg]
[sites/all/themes/forgottenchapters/images/audiobutton-exhibit.png]
[sites/all/themes/forgottenchapters/css/style_override063b.css]
[sites/all/themes/forgottenchapters/css/print063b.css]
[sites/default/files/at_css/forgottenchapters.responsive.layout063b.css]
[sites/all/themes/forgottenchapters/css/forgottenchapters.responsive.style063b.css]
[sites/all/themes/forgottenchapters/css/forgottenchapters.responsive.gpanels063b.css]
[node/55.html]
[about.html]
[node/7.html]
[sites/default/files/chapter1_header.png]
[chapter-1/albert-sands-southworth-1811–1894-and-josiah-hawes-1808–1901-charles-sprague-daguerreotype.html]
[chapter-1/lincoln-foss-1848–57-silver-pitcher-boston-owned-charles-sprague.html]
[chapter-1/“toujours-le-même“-“always-same-small-friendship-pouch-given-charles-sprague-col-moore.html]
[chapter-1/isaac-watts-1674–1748-psalms-david-boston-printed-david-carlisle-1804-owned-charles.html]
[chapter-1/charles-sprague-“do-good-creatures-send-some-dinner”-manuscript-1812.html]
[chapter-1/william-b-callender-and-charles-sprague-articles-partnership-april-1-1813.html]
[chapter-1/charles-sprague-j-d-whitney-esq-asl-july-1-1843.html]
[chapter-1/globe-bank-dollar-bill-and-fragment-1000-bill-1852.html]
[chapter-1/greshom-cobb-explanation-and-use-cobb’s-patent-geometrical-interest-table-and-sliding.html]
[chapter-1/charles-sprague-“-family-meeting”-poetical-and-prose-writings-charles-sprague-boston.html]
[chapter-1/charles-sprague-manuscript-page-“shakespear-ode”.html]
[chapter-1/charles-sprague-“-puritans”-student-and-schoolmate-and-forrester’s-boy’s-and-girls.html]
[chapter-1/charles-sprague-“centennial-ode”-manuscript.html]
[chapter-1/ticket-centennial-dinner-faneuil-hall-boston-september-17-1830.html]
[chapter-1/charles-sprague-“-winged-worshippers”-samuell-kettell-ed-specimens-american-poetry.html]
[chapter-1/charles-sprague-“-wood-robin”-manuscript-and-sheet-music-1812.html]
[chapter-1/charles-sprague-“-my-cigar”-poetical-and-prose-writings-charles-sprague-boston-ticknor.html]
[chapter-1/charles-sprague-“-novel-reader”-boston-book-being-specimens-metropolitan-literature.html]
[chapter-1/anonymous-“literary-portraits-no-4-charles-sprague”-new-england-magazine-volume-3-august.html]
[chapter-1/rufus-wilmot-griswold-1815–57-poets-and-poetry-america-middle-nineteenth-century.html]
[chapter-1/edgar-allan-poe-1809–49-“-appendix-autographs”-graham’s-lady’s-and-gentleman’s-magazine.html]
[chapter-1/edmund-quincy-and-r-c-waterston-memoirs-charles-sprague.html]
[chapter-1.html]
[node/10.html]
[sites/default/files/chapter2_header.png]
[chapter-2/phillis-wheatley-1753–1784-poems-various-subjects-religious-and-moral-printed-bell.html]
[chapter-2/phillis-wheatley-1753–1784-reverend-samuel-hopkins-1721–1803.html]
[chapter-2/thomas-jefferson-notes-state-virginia-london-printed-john-stockdale-1786.html]
[chapter-2/frederick-douglass-1818–1895-heroic-slave-autographs-freedom-julia-griffiths-editor-boston.html]
[chapter-2/linda-brent-harriet-jacobs-1813–1897-incidents-life-slave-girl-written-herself-l-maria.html]
[chapter-2/judith-sargent-murray-1751–1820-“observations-female-abilities-further-continuation”.html]
[chapter-2/judith-sargent-murray-“preface-reader”-gleaner-vol-1-boston-i-thomas-and-e-t-andrews-1798.html]
[chapter-2/sarah-margaret-fuller-woman-nineteenth-century-new-york-greeley-and-mcelrath-1845.html]
[chapter-2/augustine-joseph-hickey-duganne-1823–84-parnassus-pillory-satire-mottley-manners-esquire.html]
[chapter-2/bishop-benedict-j-fenwick-sj-1782–1846-jesuit-or-catholic-sentinel-september-5-1829-boston.html]
[chapter-2/george-pepper-“-sentinel”-literary-and-catholic-sentinel-january-3-1835-boston-h-l.html]
[sites/default/files/Image_002_0.png]
[chapter-2.html]
[node/56.html]
[sites/default/files/chapter3_header.png]
[chapter-3/william-cullen-bryant-1794–1878-“thanatopsis”-north-american-review-and-miscellaneous.html]
[chapter-3/anonymous-henry-david-thoreau-1817–72-“-winter-walk”-dial-october-1843.html]
[chapter-3/nathaniel-hawthorne-birth-mark”-pioneer-1843-volume-1-issue-3.html]
[chapter-3/henry-wadsworth-longfellow-“-children’s-hour”-atlantic-monthly-september-1860-volume-vi.html]
[chapter-3/anonymous-judith-sargent-murray-1751-1820-“lines-written-lady-who-was-questioned.html]
[chapter-3/anonymous-“-hand-organ”-monthly-anthology-and-boston-review-august-1810-volume-9.html]
[chapter-3/john-jolly-“why-mortals-complain”-boston-weekly-magazine-devoted-morality-literature.html]
[chapter-3/anonymous-“-friend-who-reproaches-me-melancholy”-monthly-anthology-and-boston-review.html]
[chapter-3/p-james-g-percival-1705-1856-“-graves-patriots”-united-states-literary-gazette-july-1-1825.html]
[chapter-3/ianthe-emma-c-embury-1806–1863-“sonnet”-united-states-review-and-literary-gazette-volume-1.html]
[chapter-3/mrs-sigourney-“-execution”-ladies-magazine-and-literary-gazette-january-1833.html]
[chapter-3/mrs-c-ladd-“oh-do-not-say-again-love’s-blind”-godeys-ladys-book-and-ladies-american.html]
[chapter-3/h-“remonstrance-cows-quitting-boston-common”-ladies-magazine-and-literary-gazette-july.html]
[chapter-3/charles-james-sprague-1823–1903-“my-little-daughter’s-shoes”-boston-book-volume-4-boston.html]
[chapter-3/anonymous-“autumn-thoughts”-boston-literary-magazine-november-1832.html]
[chapter-3.html]
[node/109.html]
[sites/default/files/chapter4_header.png]
[chapter-4/tale-two-magazines.html]
[chapter-4/anonymous-illustrator-juvenile-miscellany-1829-volume-2-issue-2.html]
[chapter-4/anonymous-illustrator-“-twins”-juvenile-miscellany-1833-volume-5-issue-2.html]
[chapter-4/various-authors-youth’s-companion-1830-volume-3-issue-50.html]
[chapter-4/anonymous-illustrator-juvenile-miscellany-1829-volume-3-issue-1.html]
[chapter-4/anonymous-illustrator-“games-tops-sport-agility-and-speed”-juvenile-miscellany-1830-volume.html]
[chapter-4/anonymous-illustrator-youth’s-companion-1831-volume-4-issue-33.html]
[chapter-4/lydia-maria-child-children’s-editor-and-writer.html]
[chapter-4/lydia-maria-child-“-new-england-boy’s-song-about-thanksgiving-day”-flowers-children-ii.html]
[chapter-4/lydia-maria-child-appeal-favor-class-americans-called-africans-boston-allen-ticknor-1833.html]
[chapter-4/lydia-maria-child-autographed-letter-samuel-c-colman-july-26-1838.html]
[chapter-4/lydia-maria-child-mother’s-book-boston-carter-hendee-and-babcock-1831.html]
[chapter-4/sarah-josepha-hale-1788–1879-“mary’s-lamb”-poems-our-children-designed-families-sabbath.html]
[chapter-4/lowell-mason-“mary-lamb”-music-juvenile-lyre-or-hymns-and-songs-religious-moral-and.html]
[chapter-4/anonymous-illustrator-aunt-mary’s-new-stories-young-people-edited-sarah-josepha-hale-1849.html]
[chapter-4/samuel-griswold-goodrich-tales-peter-parley-about-america-philadelphia-thomas-cowperthwait.html]
[chapter-4/samuel-griswold-goodrich-story-alice-green-one-peter-parley’s-winter-evening-tales-boston.html]
[chapter-4/samuel-griswold-goodrich-child’s-book-american-geography-boston-waitt-dow-1831.html]
[chapter-4/nathaniel-hawthorne-“-minister’s-black-veil”-token-edited-samuel-griswold-goodrich-boston.html]
[chapter-4/samuel-griswold-goodrich-peter-parley’s-book-bible-stories-boston-munroe-francis-1851.html]
[chapter-4/nathaniel-hawthorne-asl-james-t-fields-may-23-1851.html]
[chapter-4/nathaniel-hawthorne-twenty-days-julian-and-little-bunny-new-york-de-vinne-press-1904.html]
[chapter-4/nathaniel-hawthorne-grandfather’s-chair-boston-tappan-and-dennet-1841.html]
[chapter-4/nathaniel-hawthorne-transcribed-anne-higginson-description-his-daughter-una.html]
[chapter-4/nathaniel-hawthorne-“-gentle-boy”-boston-weeks-jordan-and-co-1839.html]
[chapter-4/nathaniel-hawthorne-tanglewood-tales-girls-and-boys-boston-houghton-mifflin-co-1886.html]
[chapter-4/thomas-wentworth-higginson-1823-1911-birthday-fairy-land-story-children-boston-wm-crosby.html]
[chapter-4/jacob-abbott-rollo-play-or-safe-amusements-boston-thomas-h-webb-co-1838.html]
[chapter-4/messrs-abbott-mount-vernon-reader-course-reading-lessons-new-york-collins-keese-co-1841.html]
[chapter-4/jacob-abbott-cousin-lucy-study-boston-b-b-mussey-1842.html]
[chapter-4/jacob-abbott-rollo’s-tour-europe-rollo-rome-boston-brown-taggard-chase-1858.html]
[sites/default/files/boy_0.jpg]
[chapter-4.html]
[node/9.html]
[sites/default/files/chapter5_header.png]
[chapter-5/henry-wadsworth-longfellow-journal-february-24-1847.html]
[chapter-5/edgar-allan-poe-“review-longfellow’s-hyperion”-burton’s-gentleman’s-magazine-october-1839.html]
[chapter-5/henry-wadsworth-longfellow-voices-night-cambridge-massachusetts-john-owen-1839.html]
[chapter-5/edgar-allan-poe-“letter-b—-—”-southern-literary-messenger-july-1836.html]
[chapter-5/william-gilmore-simms-edgar-allan-poe-autographed-letter-july-30-1846.html]
[chapter-5/william-e-burton-edgar-allan-poe-autographed-letter-may-30-1839.html]
[chapter-5/thomas-h-chivers-edgar-allan-poe-autographed-letter-august-27-1840.html]
[chapter-5/henry-wadsworth-longfellow-outre-mer-or-pilgrimage-boston-hillard-gray-company-1835.html]
[chapter-5/edgar-poe-“review-orion-r-h-horne”-graham’s-magazine-1844.html]
[chapter-5/edgar-allan-poe-“-chapter-autography-part-i”-graham’s-magazine-november-1841-19224-234.html]
[chapter-5/henry-wadsworth-longfellow-songs-slavery-cambridge-ma-john-owen-1842.html]
[chapter-5/henry-wadsworth-longfellow-evangeline-tale-acadie-boston-william-d-ticknor-company-1847.html]
[chapter-5/edgar-allan-poe-“editorial-miscellany”-broadway-journal-november-22-1845.html]
[chapter-5/sarah-margaret-fuller-review-“poems-henry-wadsworth-longfellow”-papers-literature-and-art.html]
[chapter-5/fuller-editor-broadway-journal-e-poe.html]
[chapter-5/edgar-allan-poe-“sarah-margaret-fuller”-works-late-edgar-allan-poe-vol-5-new-york-j-s.html]
[chapter-5/james-russell-lowell-fable-critics-glance-few-our-literary-progenies-new-york-g-p-putnam.html]
[chapter-5/edgar-allan-poe-frederick-w-thomas-autographed-letter-february-14-1849.html]
[chapter-5/oliver-wendell-holmes-“-saturday-club”-curfew-and-other-poems-chiefly-occasional-boston.html]
[chapter-5/oliver-wendell-holmes-“our-dead-singer”-atlantic-monthly-june-1882.html]
[chapter-5/edgar-allan-poe-rufus-wilmot-griswold-autographed-letter-may-29-1841.html]
[chapter-5/henry-wadsworth-longfellow-rufus-wilmot-griswold-autographed-letter-september-28-1850.html]
[chapter-5/henry-wadsworth-longfellow-messrs-welch-and-bigelow-april-23-1864.html]
[chapter-5/thomas-oldham-barlow-1824-1889-washington-irving-and-his-friends-sunnyside-engraving-based.html]
[chapter-5/athaniel-hawthorne-twice-told-tales-boston-john-b-russell-1837-4.html]
[chapter-5/edgar-allan-poe-“review-twice-told-tales”-graham’s-magazine-may-1842.html]
[chapter-5/henry-wadsworth-longfellow-unsigned-“twice-told-tales-nathaniel-hawthorne”-north-american.html]
[chapter-5/chapter-5-conclusion.html]
[sites/default/files/poe-sm.jpg]
[sites/default/files/longfellow-sm.jpg]
[chapter-5.html]
[node/43.html]
[sites/default/files/chapter6_header.png]
[chapter-6/gilbert-stuart-1755–1828-portrait-jeremiah-allen-ca-1808-oil-panel.html]
[chapter-6/massachusetts-general-court-“-act-preventing-stage-plays-and-other-theatrical.html]
[chapter-6/joseph-tisdale-1736–68-“against-bill-then-house-preventing-stage-plays-and-other.html]
[chapter-6/theater-yes-john-quincy-adams.html]
[chapter-6/john-quincy-adams-1767–1848-john-adams-1735–1826.html]
[chapter-6/theater-no-john-hancock.html]
[chapter-6/caleb-h-snow-engraving-federal-street-theatre.html]
[chapter-6/anonymous-printer-broadside-play-performed-federal-street-theatre.html]
[chapter-6/henry-brooke-1703–83-gustavus-vasa-tragedy-five-acts-performed-new-theatre-boston-boston.html]
[chapter-6/john-deveral-engraver-boston-theatre-award-medal-1794.html]
[chapter-6/samuel-hill-1765–1809-after-william-lovett-“mr-baker-gustavus”-line-engraving.html]
[chapter-6/olaudah-equiano-1745–97-interesting-narrative-life-olaudah-equiano-or-gustavus-vassa.html]
[chapter-6/william-charles-white-1777–1818-orlando-or-parental-persecution-tragedy-printed-boston.html]
[chapter-6/judith-sargent-murray-and-susanna-haswell-rowson.html]
[chapter-6/constantia-judith-sargent-murray-1751–1820-“-equality-sexes”-massachusetts-magazine-or.html]
[chapter-6/judith-sargent-murray-medium-or-virtue-triumphant-gleaner-volume-3-boston-thomas-and.html]
[chapter-6/judith-sargent-murray-traveler-returned-gleaner-volume-3-newbury-street-thomas-and-andrews.html]
[chapter-6/judith-sargent-murray-mercy-otis-warren-1728–1814-autographed-letter-march-1796.html]
[chapter-6/susanna-haswell-rowson-1762–1824-slaves-algiers-or-struggle-freedom-philadelphia-wrigley.html]
[chapter-6/william-cobbett-1763–1835-“-kick-bite-or-review-upon-review-critical-essay-works-mrs-s.html]
[chapter-6/citizen-snub-john-swanwick-1740–98-“-rub-snub-or-cursory-analytical-epistle-addressed.html]
[chapter-6/susanna-haswell-rowson-trials-human-heart-novel-philadelphia-wrigley-and-berriman-1795.html]
[chapter-6/anonymous-printer-broadsides-haymarket-theatre-1796–1803.html]
[chapter-6/anonymous-“-burning-federal-street”-theatre-1798-watercolor-paper-facsimile.html]
[chapter-6.html]
[map.html]
[feedback.html]
[misc/jquery.once7839.js]
[misc/drupal063b.js]
[sites/all/libraries/jplayer/jquery.jplayer.min3661.js]
[sites/all/themes/adaptivetheme/adaptivetheme/js/vertical-tabs063b.js]
[sites/all/libraries/colorbox/jquery.colorbox-min063b.js]
[sites/all/modules/colorbox/js/colorbox063b.js]
[sites/all/modules/colorbox/js/colorbox_load063b.js]
[sites/all/modules/colorbox/js/colorbox_inline063b.js]
[sites/all/modules/panels/js/panels063b.js]
[sites/all/modules/google_analytics/googleanalytics063b.js]
[sites/all/themes/adaptivetheme/adaptivetheme/js/respond063b.js]
[sites/all/themes/forgottenchapters/js/mwheelIntent063b.js]
[sites/all/themes/forgottenchapters/js/jquery.mousewheel063b.js]
[has_js=1; path=/index.html]
[mousedown.147.delayed]
[click.jsp]
[mouseover.jsp]
[dragstart.jsp selectstart.jsp]
[mousemove.jsp]
[mouseup.jsp mouseleave.jsp]
[mouseup.jsp]
[dragstart.jsp selectstart.jsp mousemove.jsp mouseup.jsp mouseleave.jsp]
[focus.jsp]
[keydown.jsp keypress.jsp]
[keydown.jsp]
[keypress.jsp]
[touchstart.jsp]
[touchmove.jsp]
[touchend.jsp]
[sites/all/themes/forgottenchapters/js/jquery.jscrollpane.min063b.js]
[sites/all/themes/forgottenchapters/scripts063b.js]
[sites/all/modules/jplayer/theme/jplayer063b.js]
[node/about.html]
[node/chapter-4.html]
[sites/all/themes/forgottenchapters/css/jplayer.blue.monday.html]
[sites/all/themes/forgottenchapters/css/pbar-ani.html]
[sites/all/themes/forgottenchapters/css/jplayer.blue.monday.video.play.html]
[sites/all/themes/forgottenchapters/css/jplayer.blue.monday.video.play.hover.html]
[node/55.html]
[node/7.html]
[node/88.html]
[sites/default/files/#2 Sprague Daguerreotype.jpg]
[sites/default/files/styles/large/public/#2 Sprague Daguerreotype2af3.jpg]
[chapter-1/albert-sands-southworth-1811–1894-and-josiah-hawes-1808–1901-charles-sprague-daguerreotype.html]
[node/89.html]
[sites/default/files/#3 silver jug.jpg]
[sites/default/files/styles/large/public/#3 silver jugac6e.jpg]
[chapter-1/lincoln-foss-1848–57-silver-pitcher-boston-owned-charles-sprague.html]
[node/90.html]
[sites/default/files/Sprague pouch composite_0.jpg]
[sites/default/files/styles/large/public/Sprague pouch composite_0abeb.jpg]
[chapter-1/“toujours-le-même“-“always-same-small-friendship-pouch-given-charles-sprague-col-moore.html]
[node/91.html]
[sites/default/files/#5 Sprague Bible 2.jpg]
[sites/default/files/styles/large/public/#5 Sprague Bible 2ba16.jpg]
[chapter-1/isaac-watts-1674–1748-psalms-david-boston-printed-david-carlisle-1804-owned-charles.html]
[node/92.html]
[sites/default/files/#6 Sprague Dinner letter_0.jpg]
[sites/default/files/styles/large/public/#6 Sprague Dinner letter_0199e.jpg]
[chapter-1/charles-sprague-“do-good-creatures-send-some-dinner”-manuscript-18129c3b.html]
[chapter-1/charles-sprague-“do-good-creatures-send-some-dinner”-manuscript-1812.html]
[node/93.html]
[sites/default/files/#7 contract 1813.jpg]
[sites/default/files/styles/large/public/#7 contract 18136371.jpg]
[chapter-1/william-b-callender-and-charles-sprague-articles-partnership-april-1-18139c3b.html]
[chapter-1/william-b-callender-and-charles-sprague-articles-partnership-april-1-1813.html]
[node/94.html]
[sites/default/files/#8 bank letter 7.1843.jpg]
[sites/default/files/styles/large/public/#8 bank letter 7.1843bacc.jpg]
[chapter-1/charles-sprague-j-d-whitney-esq-asl-july-1-18439c3b.html]
[chapter-1/charles-sprague-j-d-whitney-esq-asl-july-1-1843.html]
[node/95.html]
[sites/default/files/#9 Globe Bank cash.jpg]
[sites/default/files/styles/large/public/#9 Globe Bank cash4fcd.jpg]
[chapter-1/globe-bank-dollar-bill-and-fragment-1000-bill-1852.html]
[node/96.html]
[sites/default/files/#10 Cobbs Interest Table.jpg]
[sites/default/files/styles/large/public/#10 Cobbs Interest Tablead2d.jpg]
[chapter-1/greshom-cobb-explanation-and-use-cobb’s-patent-geometrical-interest-table-and-sliding.html]
[node/97.html]
[sites/default/files/familymeeting_0.jpg]
[sites/default/files/styles/large/public/familymeeting_00b4e.jpg]
[chapter-1/charles-sprague-“-family-meeting”-poetical-and-prose-writings-charles-sprague-boston9c3b.html]
[chapter-1/charles-sprague-“-family-meeting”-poetical-and-prose-writings-charles-sprague-boston.html]
[node/98.html]
[sites/default/files/Shakespeare Ode MS resized.jpg]
[sites/default/files/styles/large/public/Shakespeare Ode MS resized1a2c.jpg]
[chapter-1/charles-sprague-manuscript-page-“shakespear-ode”.html]
[node/99.html]
[sites/default/files/#12 Declamation.jpg]
[sites/default/files/styles/large/public/#12 Declamation3d97.jpg]
[chapter-1/charles-sprague-“-puritans”-student-and-schoolmate-and-forrester’s-boy’s-and-girls.html]
[node/100.html]
[sites/default/files/#13 Centennial Ode MS.jpg]
[sites/default/files/styles/large/public/#13 Centennial Ode MS7941.jpg]
[chapter-1/charles-sprague-“centennial-ode”-manuscript.html]
[node/101.html]
[sites/default/files/#14 Centennial Dinner ticket.jpg]
[sites/default/files/styles/large/public/#14 Centennial Dinner ticket162b.jpg]
[chapter-1/ticket-centennial-dinner-faneuil-hall-boston-september-17-1830.html]
[node/102.html]
[sites/default/files/winged.jpg]
[sites/default/files/styles/large/public/wingedc3a1.jpg]
[chapter-1/charles-sprague-“-winged-worshippers”-samuell-kettell-ed-specimens-american-poetry9c3b.html]
[chapter-1/charles-sprague-“-winged-worshippers”-samuell-kettell-ed-specimens-american-poetry.html]
[node/103.html]
[sites/default/files/#15 The Wood Robin poem with music.jpg]
[sites/default/files/styles/large/public/#15 The Wood Robin poem with musicf168.jpg]
[chapter-1/charles-sprague-“-wood-robin”-manuscript-and-sheet-music-18129c3b.html]
[chapter-1/charles-sprague-“-wood-robin”-manuscript-and-sheet-music-1812.html]
[node/104.html]
[sites/default/files/mycigar.jpg]
[sites/default/files/styles/large/public/mycigar1a4b.jpg]
[chapter-1/charles-sprague-“-my-cigar”-poetical-and-prose-writings-charles-sprague-boston-ticknor9c3b.html]
[chapter-1/charles-sprague-“-my-cigar”-poetical-and-prose-writings-charles-sprague-boston-ticknor.html]
[node/105.html]
[sites/default/files/novelreader.jpg]
[sites/default/files/styles/large/public/novelreader1788.jpg]
[chapter-1/charles-sprague-“-novel-reader”-boston-book-being-specimens-metropolitan-literature.html]
[node/106.html]
[sites/default/files/newenglandmagazi03buck_0108.jpg]
[sites/default/files/styles/large/public/newenglandmagazi03buck_01080a16.jpg]
[chapter-1/anonymous-“literary-portraits-no-4-charles-sprague”-new-england-magazine-volume-3-august.html]
[node/107.html]
[sites/default/files/poetspoetryofame1853gris_0006.jpg]
[sites/default/files/styles/large/public/poetspoetryofame1853gris_00062fdf.jpg]
[chapter-1/rufus-wilmot-griswold-1815–57-poets-and-poetry-america-middle-nineteenth-century.html]
[node/108.html]
[sites/default/files/autographs.jpg]
[sites/default/files/styles/large/public/autographsef61.jpg]
[chapter-1/edgar-allan-poe-1809–49-“-appendix-autographs”-graham’s-lady’s-and-gentleman’s-magazine.html]
[node/211.html]
[sites/default/files/spraguememoirs.jpg]
[sites/default/files/styles/large/public/spraguememoirsb6d3.jpg]
[chapter-1/edmund-quincy-and-r-c-waterston-memoirs-charles-sprague.html]
[node/10.html]
[node/54.html]
[sites/default/files/philliswheatley.jpg]
[sites/default/files/styles/large/public/philliswheatley91cb.jpg]
[chapter-2/phillis-wheatley-1753–1784-poems-various-subjects-religious-and-moral-printed-bell.html]
[node/44.html]
[sites/default/files/philliswheatleyletter.jpg]
[sites/default/files/styles/large/public/philliswheatleyletterc45f.jpg]
[chapter-2/phillis-wheatley-1753–1784-reverend-samuel-hopkins-1721–1803.html]
[node/46.html]
[sites/default/files/jefferson.jpg]
[sites/default/files/styles/large/public/jefferson2c8f.jpg]
[chapter-2/thomas-jefferson-notes-state-virginia-london-printed-john-stockdale-1786.html]
[node/47.html]
[sites/default/files/douglas.jpg]
[sites/default/files/styles/large/public/douglasf344.jpg]
[chapter-2/frederick-douglass-1818–1895-heroic-slave-autographs-freedom-julia-griffiths-editor-boston.html]
[node/48.html]
[sites/default/files/jabobs.jpg]
[sites/default/files/styles/large/public/jabobs7509.jpg]
[chapter-2/linda-brent-harriet-jacobs-1813–1897-incidents-life-slave-girl-written-herself-l-maria.html]
[node/49.html]
[sites/default/files/murray.jpg]
[sites/default/files/styles/large/public/murray1b4a.jpg]
[chapter-2/judith-sargent-murray-1751–1820-“observations-female-abilities-further-continuation”.html]
[node/50.html]
[sites/default/files/murray2.jpg]
[sites/default/files/styles/large/public/murray2f90a.jpg]
[chapter-2/judith-sargent-murray-“preface-reader”-gleaner-vol-1-boston-i-thomas-and-e-t-andrews-1798.html]
[node/51.html]
[sites/default/files/fuller.jpg]
[sites/default/files/styles/large/public/fuller1066.jpg]
[chapter-2/sarah-margaret-fuller-woman-nineteenth-century-new-york-greeley-and-mcelrath-1845.html]
[node/45.html]
[sites/default/files/ParnWomen writers76-77_0.jpg]
[sites/default/files/styles/large/public/ParnWomen writers76-77_05edd.jpg]
[chapter-2/augustine-joseph-hickey-duganne-1823–84-parnassus-pillory-satire-mottley-manners-esquire.html]
[node/52.html]
[sites/default/files/1829 Ch 2 Pepper 2.jpg]
[sites/default/files/styles/large/public/1829 Ch 2 Pepper 24245.jpg]
[chapter-2/bishop-benedict-j-fenwick-sj-1782–1846-jesuit-or-catholic-sentinel-september-5-1829-boston.html]
[node/53.html]
[sites/default/files/Lit-CathSent.jpg]
[sites/default/files/styles/large/public/Lit-CathSent161a.jpg]
[chapter-2/george-pepper-“-sentinel”-literary-and-catholic-sentinel-january-3-1835-boston-h-l.html]
[node/56.html]
[node/76.html]
[sites/default/files/northamericanrev05bost_0348 (1)_0.jpg]
[sites/default/files/styles/large/public/northamericanrev05bost_0348 (1)_04e1a.jpg]
[chapter-3/william-cullen-bryant-1794–1878-“thanatopsis”-north-american-review-and-miscellaneous.html]
[node/166.html]
[sites/default/files/winterswalk.jpg]
[sites/default/files/styles/large/public/winterswalkf9eb.jpg]
[chapter-3/anonymous-henry-david-thoreau-1817–72-“-winter-walk”-dial-october-1843.html]
[node/82.html]
[sites/default/files/birthmark-resized.jpg]
[sites/default/files/styles/large/public/birthmark-resized87d9.jpg]
[chapter-3/nathaniel-hawthorne-birth-mark”-pioneer-1843-volume-1-issue-3.html]
[node/87.html]
[sites/default/files/childrenshour.jpg]
[sites/default/files/styles/large/public/childrenshourb792.jpg]
[chapter-3/henry-wadsworth-longfellow-“-children’s-hour”-atlantic-monthly-september-1860-volume-vi9c3b.html]
[chapter-3/henry-wadsworth-longfellow-“-children’s-hour”-atlantic-monthly-september-1860-volume-vi.html]
[node/80.html]
[sites/default/files/massachusettsmag06harr_0188.jpg]
[sites/default/files/styles/large/public/massachusettsmag06harr_018851db.jpg]
[chapter-3/anonymous-judith-sargent-murray-1751-1820-“lines-written-lady-who-was-questioned9c3b.html]
[chapter-3/anonymous-judith-sargent-murray-1751-1820-“lines-written-lady-who-was-questioned.html]
[node/85.html]
[sites/default/files/organ.jpg]
[sites/default/files/styles/large/public/organf2bb.jpg]
[chapter-3/anonymous-“-hand-organ”-monthly-anthology-and-boston-review-august-1810-volume-99c3b.html]
[chapter-3/anonymous-“-hand-organ”-monthly-anthology-and-boston-review-august-1810-volume-9.html]
[node/78.html]
[sites/default/files/johnjolly.jpg]
[sites/default/files/styles/large/public/johnjolly9669.jpg]
[chapter-3/john-jolly-“why-mortals-complain”-boston-weekly-magazine-devoted-morality-literature9c3b.html]
[chapter-3/john-jolly-“why-mortals-complain”-boston-weekly-magazine-devoted-morality-literature.html]
[node/84.html]
[sites/default/files/melancholyfriend.jpg]
[sites/default/files/styles/large/public/melancholyfriendde0d.jpg]
[chapter-3/anonymous-“-friend-who-reproaches-me-melancholy”-monthly-anthology-and-boston-review9c3b.html]
[chapter-3/anonymous-“-friend-who-reproaches-me-melancholy”-monthly-anthology-and-boston-review.html]
[node/77.html]
[sites/default/files/graves.jpg]
[sites/default/files/styles/large/public/gravese3cf.jpg]
[chapter-3/p-james-g-percival-1705-1856-“-graves-patriots”-united-states-literary-gazette-july-1-18259c3b.html]
[chapter-3/p-james-g-percival-1705-1856-“-graves-patriots”-united-states-literary-gazette-july-1-1825.html]
[node/83.html]
[sites/default/files/sonnet.jpg]
[sites/default/files/styles/large/public/sonnet2f8a.jpg]
[chapter-3/ianthe-emma-c-embury-1806–1863-“sonnet”-united-states-review-and-literary-gazette-volume-19c3b.html]
[chapter-3/ianthe-emma-c-embury-1806–1863-“sonnet”-united-states-review-and-literary-gazette-volume-1.html]
[node/73.html]
[sites/default/files/excecution.jpg]
[sites/default/files/styles/large/public/excecution8278.jpg]
[chapter-3/mrs-sigourney-“-execution”-ladies-magazine-and-literary-gazette-january-18339c3b.html]
[chapter-3/mrs-sigourney-“-execution”-ladies-magazine-and-literary-gazette-january-1833.html]
[node/86.html]
[sites/default/files/godeysladysbook.jpg]
[sites/default/files/styles/large/public/godeysladysbookb14e.jpg]
[chapter-3/mrs-c-ladd-“oh-do-not-say-again-love’s-blind”-godeys-ladys-book-and-ladies-american9c3b.html]
[chapter-3/mrs-c-ladd-“oh-do-not-say-again-love’s-blind”-godeys-ladys-book-and-ladies-american.html]
[node/81.html]
[sites/default/files/cows.jpg]
[sites/default/files/styles/large/public/cows8c82.jpg]
[chapter-3/h-“remonstrance-cows-quitting-boston-common”-ladies-magazine-and-literary-gazette-july9c3b.html]
[chapter-3/h-“remonstrance-cows-quitting-boston-common”-ladies-magazine-and-literary-gazette-july.html]
[node/79.html]
[sites/default/files/shoes.jpg]
[sites/default/files/styles/large/public/shoes3130.jpg]
[chapter-3/charles-james-sprague-1823–1903-“my-little-daughter’s-shoes”-boston-book-volume-4-boston9c3b.html]
[chapter-3/charles-james-sprague-1823–1903-“my-little-daughter’s-shoes”-boston-book-volume-4-boston.html]
[node/72.html]
[sites/default/files/autumnthoughts.jpg]
[sites/default/files/styles/large/public/autumnthoughts3ad0.jpg]
[chapter-3/anonymous-“autumn-thoughts”-boston-literary-magazine-november-18329c3b.html]
[chapter-3/anonymous-“autumn-thoughts”-boston-literary-magazine-november-1832.html]
[node/109.html]
[node/110.html]
[sites/default/files/magazines_0.jpg]
[chapter-4/tale-two-magazines.html]
[node/111.html]
[sites/default/files/juvenilemisc_1.jpg]
[sites/default/files/styles/large/public/juvenilemisc_11732.jpg]
[chapter-4/anonymous-illustrator-juvenile-miscellany-1829-volume-2-issue-2.html]
[node/112.html]
[sites/default/files/juvenilemisc2-a.jpg]
[sites/default/files/styles/large/public/juvenilemisc2-adf10.jpg]
[chapter-4/anonymous-illustrator-“-twins”-juvenile-miscellany-1833-volume-5-issue-2.html]
[node/113.html]
[sites/default/files/jacobandangels.jpg]
[sites/default/files/styles/large/public/jacobandangels6427.jpg]
[chapter-4/various-authors-youth’s-companion-1830-volume-3-issue-50.html]
[node/114.html]
[sites/default/files/colorfulboys.jpg]
[sites/default/files/styles/large/public/colorfulboys92b3.jpg]
[chapter-4/anonymous-illustrator-juvenile-miscellany-1829-volume-3-issue-1.html]
[node/115.html]
[sites/default/files/Picture 17_0.png]
[sites/default/files/styles/large/public/Picture 17_05167.png]
[chapter-4/anonymous-illustrator-“games-tops-sport-agility-and-speed”-juvenile-miscellany-1830-volume9c3b.html]
[chapter-4/anonymous-illustrator-“games-tops-sport-agility-and-speed”-juvenile-miscellany-1830-volume.html]
[node/116.html]
[sites/default/files/eviloftheft.jpg]
[sites/default/files/styles/large/public/eviloftheft51b3.jpg]
[chapter-4/anonymous-illustrator-youth’s-companion-1831-volume-4-issue-33.html]
[node/117.html]
[sites/default/files/ChildFRAME_0.jpg]
[chapter-4/lydia-maria-child-children’s-editor-and-writer.html]
[node/118.html]
[sites/default/files/boyssong.jpg]
[sites/default/files/styles/large/public/boyssongdf99.jpg]
[chapter-4/lydia-maria-child-“-new-england-boy’s-song-about-thanksgiving-day”-flowers-children-ii.html]
[node/119.html]
[sites/default/files/appealinfavor.jpg]
[sites/default/files/styles/large/public/appealinfavorefa7.jpg]
[chapter-4/lydia-maria-child-appeal-favor-class-americans-called-africans-boston-allen-ticknor-1833.html]
[node/120.html]
[sites/default/files/lettertomrcolman.jpg]
[sites/default/files/styles/large/public/lettertomrcolman18c3.jpg]
[chapter-4/lydia-maria-child-autographed-letter-samuel-c-colman-july-26-18389c3b.html]
[chapter-4/lydia-maria-child-autographed-letter-samuel-c-colman-july-26-1838.html]
[node/121.html]
[sites/default/files/mothersbook1831chil_0009.jpg]
[sites/default/files/styles/large/public/mothersbook1831chil_00097dcf.jpg]
[chapter-4/lydia-maria-child-mother’s-book-boston-carter-hendee-and-babcock-1831.html]
[node/122.html]
[sites/default/files/maryslamb_1.jpg]
[sites/default/files/styles/large/public/maryslamb_128c0.jpg]
[chapter-4/sarah-josepha-hale-1788–1879-“mary’s-lamb”-poems-our-children-designed-families-sabbath9c3b.html]
[chapter-4/sarah-josepha-hale-1788–1879-“mary’s-lamb”-poems-our-children-designed-families-sabbath.html]
[node/123.html]
[sites/default/files/maryslambmusic.jpg]
[sites/default/files/styles/large/public/maryslambmusic4430.jpg]
[chapter-4/lowell-mason-“mary-lamb”-music-juvenile-lyre-or-hymns-and-songs-religious-moral-and.html]
[node/124.html]
[sites/default/files/auntmarysstorys.jpg]
[sites/default/files/styles/large/public/auntmarysstorysf027.jpg]
[chapter-4/anonymous-illustrator-aunt-mary’s-new-stories-young-people-edited-sarah-josepha-hale-1849.html]
[node/125.html]
[sites/default/files/talesofpeterparley.jpg]
[sites/default/files/styles/large/public/talesofpeterparley8a13.jpg]
[chapter-4/samuel-griswold-goodrich-tales-peter-parley-about-america-philadelphia-thomas-cowperthwait.html]
[node/126.html]
[sites/default/files/storyofalicegreen.jpg]
[sites/default/files/styles/large/public/storyofalicegreen1007.jpg]
[chapter-4/samuel-griswold-goodrich-story-alice-green-one-peter-parley’s-winter-evening-tales-boston.html]
[node/127.html]
[sites/default/files/childsbookofgeography.jpg]
[sites/default/files/styles/large/public/childsbookofgeographyf1ee.jpg]
[chapter-4/samuel-griswold-goodrich-child’s-book-american-geography-boston-waitt-dow-1831.html]
[node/128.html]
[sites/default/files/ministersblackveil.jpg]
[sites/default/files/styles/large/public/ministersblackveila2c3.jpg]
[chapter-4/nathaniel-hawthorne-“-minister’s-black-veil”-token-edited-samuel-griswold-goodrich-boston.html]
[node/129.html]
[sites/default/files/peterparleysbiblestories.jpg]
[sites/default/files/styles/large/public/peterparleysbiblestories244b.jpg]
[chapter-4/samuel-griswold-goodrich-peter-parley’s-book-bible-stories-boston-munroe-francis-1851.html]
[node/130.html]
[sites/default/files/NH to J T Fields p.jpg]
[sites/default/files/styles/large/public/NH to J T Fields p6aa6.jpg]
[chapter-4/nathaniel-hawthorne-asl-james-t-fields-may-23-18519c3b.html]
[chapter-4/nathaniel-hawthorne-asl-james-t-fields-may-23-1851.html]
[node/131.html]
[sites/default/files/twentydays.jpg]
[sites/default/files/styles/large/public/twentydays8be9.jpg]
[chapter-4/nathaniel-hawthorne-twenty-days-julian-and-little-bunny-new-york-de-vinne-press-1904.html]
[node/132.html]
[sites/default/files/grandfatherschai1841hawt_0007.jpg]
[sites/default/files/styles/large/public/grandfatherschai1841hawt_00076d7a.jpg]
[chapter-4/nathaniel-hawthorne-grandfather’s-chair-boston-tappan-and-dennet-1841.html]
[node/133.html]
[sites/default/files/mrhawthornesdesc00poee_0003.jpg]
[sites/default/files/styles/large/public/mrhawthornesdesc00poee_0003d520.jpg]
[chapter-4/nathaniel-hawthorne-transcribed-anne-higginson-description-his-daughter-una9c3b.html]
[chapter-4/nathaniel-hawthorne-transcribed-anne-higginson-description-his-daughter-una.html]
[node/134.html]
[sites/default/files/gentleboy.jpg]
[sites/default/files/styles/large/public/gentleboyff9c.jpg]
[chapter-4/nathaniel-hawthorne-“-gentle-boy”-boston-weeks-jordan-and-co-1839.html]
[node/135.html]
[sites/default/files/tanglewoodtales.jpg]
[sites/default/files/styles/large/public/tanglewoodtalese908.jpg]
[chapter-4/nathaniel-hawthorne-tanglewood-tales-girls-and-boys-boston-houghton-mifflin-co-1886.html]
[node/136.html]
[sites/default/files/birthdayinfairyl00higg_0005.jpg]
[sites/default/files/styles/large/public/birthdayinfairyl00higg_00055088.jpg]
[chapter-4/thomas-wentworth-higginson-1823-1911-birthday-fairy-land-story-children-boston-wm-crosby.html]
[node/137.html]
[sites/default/files/rolloatplayor.jpg]
[sites/default/files/styles/large/public/rolloatplayor4913.jpg]
[chapter-4/jacob-abbott-rollo-play-or-safe-amusements-boston-thomas-h-webb-co-1838.html]
[node/138.html]
[sites/default/files/mountvernonreade1841abbo_0107.jpg]
[sites/default/files/styles/large/public/mountvernonreade1841abbo_010717e0.jpg]
[chapter-4/messrs-abbott-mount-vernon-reader-course-reading-lessons-new-york-collins-keese-co-1841.html]
[node/139.html]
[sites/default/files/cousinlucyatstud1842abbo_0138.jpg]
[sites/default/files/styles/large/public/cousinlucyatstud1842abbo_01381f44.jpg]
[chapter-4/jacob-abbott-cousin-lucy-study-boston-b-b-mussey-1842.html]
[node/140.html]
[sites/default/files/rolloinrome1858abbo_0013.jpg]
[sites/default/files/styles/large/public/rolloinrome1858abbo_00134f08.jpg]
[chapter-4/jacob-abbott-rollo’s-tour-europe-rollo-rome-boston-brown-taggard-chase-1858.html]
[node/9.html]
[node/8.html]
[sites/default/files/longfellowjournal.jpg]
[sites/default/files/styles/large/public/longfellowjournalf0c0.jpg]
[chapter-5/henry-wadsworth-longfellow-journal-february-24-18479c3b.html]
[chapter-5/henry-wadsworth-longfellow-journal-february-24-1847.html]
[node/16.html]
[sites/default/files/hyperionreview.jpg]
[sites/default/files/styles/large/public/hyperionreview0a21.jpg]
[chapter-5/edgar-allan-poe-“review-longfellow’s-hyperion”-burton’s-gentleman’s-magazine-october-18399c3b.html]
[chapter-5/edgar-allan-poe-“review-longfellow’s-hyperion”-burton’s-gentleman’s-magazine-october-1839.html]
[node/12.html]
[sites/default/files/longfellow-voicesofthenight.jpg]
[sites/default/files/styles/large/public/longfellow-voicesofthenightbdbe.jpg]
[chapter-5/henry-wadsworth-longfellow-voices-night-cambridge-massachusetts-john-owen-1839.html]
[node/19.html]
[images/para.gif]
[sites/default/files/lettertob.jpg]
[sites/default/files/styles/large/public/lettertob02cc.jpg]
[chapter-5/edgar-allan-poe-“letter-b—-—”-southern-literary-messenger-july-18369c3b.html]
[chapter-5/edgar-allan-poe-“letter-b—-—”-southern-literary-messenger-july-1836.html]
[node/15.html]
[sites/default/files/wgsimmslettertoe00simm_0000_0.jpg]
[sites/default/files/styles/large/public/wgsimmslettertoe00simm_0000_0855f.jpg]
[chapter-5/william-gilmore-simms-edgar-allan-poe-autographed-letter-july-30-18469c3b.html]
[chapter-5/william-gilmore-simms-edgar-allan-poe-autographed-letter-july-30-1846.html]
[node/17.html]
[sites/default/files/weburtonletterto00burton.jpg]
[sites/default/files/styles/large/public/weburtonletterto00burton0cee.jpg]
[chapter-5/william-e-burton-edgar-allan-poe-autographed-letter-may-30-18399c3b.html]
[chapter-5/william-e-burton-edgar-allan-poe-autographed-letter-may-30-1839.html]
[node/18.html]
[sites/default/files/chiverstopoe.jpg]
[sites/default/files/styles/large/public/chiverstopoe8a6a.jpg]
[chapter-5/thomas-h-chivers-edgar-allan-poe-autographed-letter-august-27-18409c3b.html]
[chapter-5/thomas-h-chivers-edgar-allan-poe-autographed-letter-august-27-1840.html]
[node/20.html]
[sites/default/files/outremer.jpg]
[sites/default/files/styles/large/public/outremera943.jpg]
[chapter-5/henry-wadsworth-longfellow-outre-mer-or-pilgrimage-boston-hillard-gray-company-1835.html]
[node/33.html]
[sites/default/files/orion.jpg]
[sites/default/files/styles/large/public/orion12d8.jpg]
[chapter-5/edgar-poe-“review-orion-r-h-horne”-graham’s-magazine-18449c3b.html]
[chapter-5/edgar-poe-“review-orion-r-h-horne”-graham’s-magazine-1844.html]
[node/34.html]
[sites/default/files/autobiography.jpg]
[sites/default/files/styles/large/public/autobiographya910.jpg]
[chapter-5/edgar-allan-poe-“-chapter-autography-part-i”-graham’s-magazine-november-1841-19224-2349c3b.html]
[chapter-5/edgar-allan-poe-“-chapter-autography-part-i”-graham’s-magazine-november-1841-19224-234.html]
[node/30.html]
[sites/default/files/quadroon.jpg]
[sites/default/files/styles/large/public/quadroonf714.jpg]
[chapter-5/henry-wadsworth-longfellow-songs-slavery-cambridge-ma-john-owen-1842.html]
[node/35.html]
[sites/default/files/evangeline.jpg]
[sites/default/files/styles/large/public/evangelinefcb8.jpg]
[chapter-5/henry-wadsworth-longfellow-evangeline-tale-acadie-boston-william-d-ticknor-company-1847.html]
[node/36.html]
[sites/default/files/b'dwayjoucrop.jpg]
[sites/default/files/styles/large/public/b'dwayjoucrop0587.jpg]
[chapter-5/edgar-allan-poe-“editorial-miscellany”-broadway-journal-november-22-1845.html]
[node/29.html]
[sites/default/files/papersonliterature.jpg]
[sites/default/files/styles/large/public/papersonliterature62ef.jpg]
[chapter-5/sarah-margaret-fuller-review-“poems-henry-wadsworth-longfellow”-papers-literature-and-art.html]
[node/21.html]
[sites/default/files/margaretfuller.jpg]
[sites/default/files/styles/large/public/margaretfuller3b6c.jpg]
[chapter-5/fuller-editor-broadway-journal-e-poe9c3b.html]
[chapter-5/fuller-editor-broadway-journal-e-poe.html]
[node/22.html]
[sites/default/files/poe-fuller.jpg]
[sites/default/files/styles/large/public/poe-fullerf5fd.jpg]
[chapter-5/edgar-allan-poe-“sarah-margaret-fuller”-works-late-edgar-allan-poe-vol-5-new-york-j-s.html]
[node/38.html]
[sites/default/files/fableforcritics_0.jpg]
[sites/default/files/styles/large/public/fableforcritics_0bba2.jpg]
[chapter-5/james-russell-lowell-fable-critics-glance-few-our-literary-progenies-new-york-g-p-putnam.html]
[node/23.html]
[sites/default/files/edgarallenpoelerrwe.jpg]
[sites/default/files/styles/large/public/edgarallenpoelerrwe5419.jpg]
[chapter-5/edgar-allan-poe-frederick-w-thomas-autographed-letter-february-14-18499c3b.html]
[chapter-5/edgar-allan-poe-frederick-w-thomas-autographed-letter-february-14-1849.html]
[node/24.html]
[sites/default/files/supperclub.jpg]
[sites/default/files/styles/large/public/supperclubbedf.jpg]
[chapter-5/oliver-wendell-holmes-“-saturday-club”-curfew-and-other-poems-chiefly-occasional-boston.html]
[node/39.html]
[sites/default/files/ourdeadsinger.jpg]
[sites/default/files/styles/large/public/ourdeadsinger983d.jpg]
[chapter-5/oliver-wendell-holmes-“our-dead-singer”-atlantic-monthly-june-18829c3b.html]
[chapter-5/oliver-wendell-holmes-“our-dead-singer”-atlantic-monthly-june-1882.html]
[node/25.html]
[sites/default/files/edgarallenpoelet00poee_0000.jpg]
[sites/default/files/styles/large/public/edgarallenpoelet00poee_00005eec.jpg]
[chapter-5/edgar-allan-poe-rufus-wilmot-griswold-autographed-letter-may-29-18419c3b.html]
[chapter-5/edgar-allan-poe-rufus-wilmot-griswold-autographed-letter-may-29-1841.html]
[node/26.html]
[sites/default/files/longfellow-griswold.jpg]
[sites/default/files/styles/large/public/longfellow-griswold4231.jpg]
[chapter-5/henry-wadsworth-longfellow-rufus-wilmot-griswold-autographed-letter-september-28-18509c3b.html]
[chapter-5/henry-wadsworth-longfellow-rufus-wilmot-griswold-autographed-letter-september-28-1850.html]
[node/27.html]
[sites/default/files/notebyhenrywadsw00long_0000.jpg]
[sites/default/files/styles/large/public/notebyhenrywadsw00long_0000d776.jpg]
[chapter-5/henry-wadsworth-longfellow-messrs-welch-and-bigelow-april-23-1864.html]
[node/40.html]
[sites/default/files/WashIrv&Friends_2.jpg]
[sites/default/files/styles/large/public/WashIrv&Friends_2ea9c.jpg]
[chapter-5/thomas-oldham-barlow-1824-1889-washington-irving-and-his-friends-sunnyside-engraving-based.html]
[node/210.html]
[sites/default/files/twicetoldtales.jpg]
[sites/default/files/styles/large/public/twicetoldtalesea46.jpg]
[chapter-5/athaniel-hawthorne-twice-told-tales-boston-john-b-russell-1837-4.html]
[node/32.html]
[sites/default/files/Picture 20.png]
[sites/default/files/styles/large/public/Picture 20fe22.png]
[chapter-5/edgar-allan-poe-“review-twice-told-tales”-graham’s-magazine-may-18429c3b.html]
[chapter-5/edgar-allan-poe-“review-twice-told-tales”-graham’s-magazine-may-1842.html]
[node/31.html]
[sites/default/files/Picture 21.png]
[sites/default/files/styles/large/public/Picture 210344.png]
[chapter-5/henry-wadsworth-longfellow-unsigned-“twice-told-tales-nathaniel-hawthorne”-north-american.html]
[node/41.html]
[sites/default/files/twicetoldtales00hawt_0007_0.jpg]
[chapter-5/chapter-5-conclusion.html]
[node/43.html]
[node/144.html]
[sites/default/files/1126_allen_35mm_work.jpg]
[sites/default/files/styles/large/public/1126_allen_35mm_workd1b6.jpg]
[chapter-6/gilbert-stuart-1755–1828-portrait-jeremiah-allen-ca-1808-oil-panel.html]
[node/145.html]
[sites/default/files/1750act.jpg]
[sites/default/files/styles/large/public/1750actcc6e.jpg]
[chapter-6/massachusetts-general-court-“-act-preventing-stage-plays-and-other-theatrical.html]
[node/146.html]
[sites/default/files/5819_tisdale_work.jpg]
[sites/default/files/styles/large/public/5819_tisdale_work0497.jpg]
[chapter-6/joseph-tisdale-1736–68-“against-bill-then-house-preventing-stage-plays-and-other.html]
[node/148.html]
[sites/default/files/JQA MFA portrait_1.jpg]
[sites/default/files/styles/large/public/JQA MFA portrait_1d592.jpg]
[chapter-6/theater-yes-john-quincy-adams.html]
[node/204.html]
[sites/default/files/5812_jqa_p1_work.jpg]
[sites/default/files/styles/large/public/5812_jqa_p1_worka793.jpg]
[chapter-6/john-quincy-adams-1767–1848-john-adams-1735–1826.html]
[node/149.html]
[sites/default/files/John HancockportraitMFA_0.jpg]
[sites/default/files/styles/large/public/John HancockportraitMFA_08af7.jpg]
[chapter-6/theater-no-john-hancock.html]
[node/217.html]
[sites/default/files/calebsnow.jpg]
[sites/default/files/styles/large/public/calebsnow5f3b.jpg]
[chapter-6/caleb-h-snow-engraving-federal-street-theatre.html]
[node/218.html]
[sites/default/files/playbroadside.jpg]
[sites/default/files/styles/large/public/playbroadsidea05a.jpg]
[chapter-6/anonymous-printer-broadside-play-performed-federal-street-theatre.html]
[node/150.html]
[sites/default/files/vasa.jpg]
[sites/default/files/styles/large/public/vasa939c.jpg]
[chapter-6/henry-brooke-1703–83-gustavus-vasa-tragedy-five-acts-performed-new-theatre-boston-boston.html]
[node/151.html]
[sites/default/files/deveral.jpg]
[sites/default/files/styles/large/public/deveral68e1.jpg]
[chapter-6/john-deveral-engraver-boston-theatre-award-medal-1794.html]
[node/152.html]
[sites/default/files/baker.jpg]
[sites/default/files/styles/large/public/bakercfbe.jpg]
[chapter-6/samuel-hill-1765–1809-after-william-lovett-“mr-baker-gustavus”-line-engraving.html]
[node/153.html]
[sites/default/files/Equiano frontis_titlepg_0.jpg]
[sites/default/files/styles/large/public/Equiano frontis_titlepg_0ac77.jpg]
[chapter-6/olaudah-equiano-1745–97-interesting-narrative-life-olaudah-equiano-or-gustavus-vassa.html]
[node/154.html]
[sites/default/files/orlando_titlepage_work.jpg]
[sites/default/files/styles/large/public/orlando_titlepage_work4805.jpg]
[chapter-6/william-charles-white-1777–1818-orlando-or-parental-persecution-tragedy-printed-boston.html]
[node/155.html]
[sites/default/files/JudithMurray-sm_0.jpg]
[sites/default/files/Rowson-sm_0.jpg]
[chapter-6/judith-sargent-murray-and-susanna-haswell-rowson.html]
[node/156.html]
[sites/default/files/equality_work_0.jpg]
[sites/default/files/styles/large/public/equality_work_08621.jpg]
[chapter-6/constantia-judith-sargent-murray-1751–1820-“-equality-sexes”-massachusetts-magazine-or.html]
[node/157.html]
[sites/default/files/themedium.jpg]
[sites/default/files/styles/large/public/themedium7ebd.jpg]
[chapter-6/judith-sargent-murray-medium-or-virtue-triumphant-gleaner-volume-3-boston-thomas-and.html]
[node/158.html]
[sites/default/files/traveller.jpg]
[sites/default/files/styles/large/public/traveller5b51.jpg]
[chapter-6/judith-sargent-murray-traveler-returned-gleaner-volume-3-newbury-street-thomas-and-andrews.html]
[node/159.html]
[sites/default/files/sargent_p1_work_march13.jpg]
[sites/default/files/styles/large/public/sargent_p1_work_march13b97e.jpg]
[chapter-6/judith-sargent-murray-mercy-otis-warren-1728–1814-autographed-letter-march-17969c3b.html]
[chapter-6/judith-sargent-murray-mercy-otis-warren-1728–1814-autographed-letter-march-1796.html]
[node/160.html]
[sites/default/files/Picture 9_1.png]
[sites/default/files/styles/large/public/Picture 9_1d14f.png]
[chapter-6/susanna-haswell-rowson-1762–1824-slaves-algiers-or-struggle-freedom-philadelphia-wrigley.html]
[node/161.html]
[sites/default/files/cobbett_p23__0.jpg]
[sites/default/files/styles/large/public/cobbett_p23__04752.jpg]
[chapter-6/william-cobbett-1763–1835-“-kick-bite-or-review-upon-review-critical-essay-works-mrs-s.html]
[node/162.html]
[sites/default/files/Swanwick--cover_0.jpg]
[sites/default/files/styles/large/public/Swanwick--cover_009ab.jpg]
[chapter-6/citizen-snub-john-swanwick-1740–98-“-rub-snub-or-cursory-analytical-epistle-addressed.html]
[node/163.html]
[sites/default/files/Rowson-Trials Cover_0.jpg]
[sites/default/files/styles/large/public/Rowson-Trials Cover_00b80.jpg]
[chapter-6/susanna-haswell-rowson-trials-human-heart-novel-philadelphia-wrigley-and-berriman-1795.html]
[node/219.html]
[sites/default/files/5816_haymarket_work_1.jpg]
[sites/default/files/styles/large/public/5816_haymarket_work_13939.jpg]
[chapter-6/anonymous-printer-broadsides-haymarket-theatre-1796–1803.html]
[node/164.html]
[sites/default/files/burningfederaltheatre.jpg]
[sites/default/files/styles/large/public/burningfederaltheatred24b.jpg]
[chapter-6/anonymous-“-burning-federal-street”-theatre-1798-watercolor-paper-facsimile.html]
[sites/all/modules/gmap/gmap063b.css]
[sites/all/modules/gmap/js/gmap063b.js]
[sites/all/modules/gmap/js/icon063b.js]
[sites/all/modules/gmap/js/marker063b.js]
[sites/all/modules/gmap/js/highlight063b.js]
[sites/all/modules/gmap/js/poly063b.js]
[blue.png]
[red.png]
[bred.png]
[orange.png]
[pyellow.png]
[yellow.png]
[pgreen.png]
[green.png]
[dgreen.png]
[fgreen.png]
[pblue.png]
[lblue.png]
[dblue.png]
[purple.png]
[pink.png]
[bpink.png]
[brown.png]
[white.png]
[lgray.png]
[gray.png]
[black.png]
[altblue.png]
[marker_monday.png]
[marker_tuesday.png]
[marker_wednesday.png]
[marker_thursday.png]
[marker_friday.png]
[marker_saturday.png]
[route1.png]
[route2.png]
[number1.png]
[number2.png]
[number3.png]
[number4.png]
[number5.png]
[number6.png]
[number7.png]
[number8.png]
[number9.png]
[number10.png]
[number11.png]
[number12.png]
[number13.png]
[number14.png]
[number15.png]
[number16.png]
[number17.png]
[number18.png]
[number19.png]
[number20.png]
[number21.png]
[number22.png]
[number23.png]
[number24.png]
[number25.png]
[number26.png]
[number27.png]
[number28.png]
[number29.png]
[number30.png]
[number31.png]
[number32.png]
[number33.png]
[number34.png]
[number35.png]
[number36.png]
[number37.png]
[number38.png]
[number39.png]
[number40.png]
[blank.png]
[cluster.png]
[drupal.png]
[vertex.png]
[letter1.png]
[letter2.png]
[letter3.png]
[letter4.png]
[letter5.png]
[letter6.png]
[letter7.png]
[letter8.png]
[letter9.png]
[sites/default/files/js/gmap_markers.js]
[sites/all/modules/gmap/js/markerloader_static063b.js]
[sites/all/modules/gmap/js/gmap_marker063b.js]
[misc/jquery.cookiec619.js]
[misc/textareabbc9.js]
[has_js=1; path=/index.html]
[mousedown.html]
[click.html]
[mouseover.html]
[dragstart.jsp selectstart.html]
[mousemove.html]
[mouseup.jsp mouseleave.html]
[mouseup.html]
[dragstart.jsp selectstart.jsp mousemove.jsp mouseup.jsp mouseleave.html]
[focus.html]
[keydown.jsp keypress.html]
[keydown.html]
[keypress.html]
[touchstart.html]
[touchmove.html]
[touchend.html]
[node/88.html]
[node/89.html]
[node/90.html]
[node/91.html]
[node/929c3b.html]
[node/92.html]
[chapter-1/charles-sprague-“do-good-creatures-send-some-dinner”-manuscript-18129c3b.html]
[node/939c3b.html]
[node/93.html]
[chapter-1/william-b-callender-and-charles-sprague-articles-partnership-april-1-18139c3b.html]
[node/949c3b.html]
[node/94.html]
[chapter-1/charles-sprague-j-d-whitney-esq-asl-july-1-18439c3b.html]
[node/95.html]
[node/96.html]
[node/979c3b.html]
[node/97.html]
[chapter-1/charles-sprague-“-family-meeting”-poetical-and-prose-writings-charles-sprague-boston9c3b.html]
[node/98.html]
[node/99.html]
[node/100.html]
[node/101.html]
[node/1029c3b.html]
[node/102.html]
[chapter-1/charles-sprague-“-winged-worshippers”-samuell-kettell-ed-specimens-american-poetry9c3b.html]
[node/1039c3b.html]
[node/103.html]
[chapter-1/charles-sprague-“-wood-robin”-manuscript-and-sheet-music-18129c3b.html]
[node/1049c3b.html]
[node/104.html]
[chapter-1/charles-sprague-“-my-cigar”-poetical-and-prose-writings-charles-sprague-boston-ticknor9c3b.html]
[node/105.html]
[node/106.html]
[node/107.html]
[node/108.html]
[node/211.html]
[node/54.html]
[node/44.html]
[node/46.html]
[node/47.html]
[node/48.html]
[node/49.html]
[node/50.html]
[node/51.html]
[node/45.html]
[node/52.html]
[node/53.html]
[node/76.html]
[node/166.html]
[node/82.html]
[node/879c3b.html]
[node/87.html]
[chapter-3/henry-wadsworth-longfellow-“-children’s-hour”-atlantic-monthly-september-1860-volume-vi9c3b.html]
[node/809c3b.html]
[node/80.html]
[chapter-3/anonymous-judith-sargent-murray-1751-1820-“lines-written-lady-who-was-questioned9c3b.html]
[node/859c3b.html]
[node/85.html]
[chapter-3/anonymous-“-hand-organ”-monthly-anthology-and-boston-review-august-1810-volume-99c3b.html]
[node/789c3b.html]
[node/78.html]
[chapter-3/john-jolly-“why-mortals-complain”-boston-weekly-magazine-devoted-morality-literature9c3b.html]
[node/849c3b.html]
[node/84.html]
[chapter-3/anonymous-“-friend-who-reproaches-me-melancholy”-monthly-anthology-and-boston-review9c3b.html]
[node/779c3b.html]
[node/77.html]
[chapter-3/p-james-g-percival-1705-1856-“-graves-patriots”-united-states-literary-gazette-july-1-18259c3b.html]
[node/839c3b.html]
[node/83.html]
[chapter-3/ianthe-emma-c-embury-1806–1863-“sonnet”-united-states-review-and-literary-gazette-volume-19c3b.html]
[node/739c3b.html]
[node/73.html]
[chapter-3/mrs-sigourney-“-execution”-ladies-magazine-and-literary-gazette-january-18339c3b.html]
[node/869c3b.html]
[node/86.html]
[chapter-3/mrs-c-ladd-“oh-do-not-say-again-love’s-blind”-godeys-ladys-book-and-ladies-american9c3b.html]
[node/819c3b.html]
[node/81.html]
[chapter-3/h-“remonstrance-cows-quitting-boston-common”-ladies-magazine-and-literary-gazette-july9c3b.html]
[node/799c3b.html]
[node/79.html]
[chapter-3/charles-james-sprague-1823–1903-“my-little-daughter’s-shoes”-boston-book-volume-4-boston9c3b.html]
[node/729c3b.html]
[node/72.html]
[chapter-3/anonymous-“autumn-thoughts”-boston-literary-magazine-november-18329c3b.html]
[node/110.html]
[node/111.html]
[node/112.html]
[node/113.html]
[node/114.html]
[node/1159c3b.html]
[node/115.html]
[chapter-4/anonymous-illustrator-“games-tops-sport-agility-and-speed”-juvenile-miscellany-1830-volume9c3b.html]
[node/116.html]
[node/117.html]
[node/118.html]
[node/119.html]
[node/1209c3b.html]
[node/120.html]
[chapter-4/lydia-maria-child-autographed-letter-samuel-c-colman-july-26-18389c3b.html]
[node/121.html]
[node/1229c3b.html]
[node/122.html]
[chapter-4/sarah-josepha-hale-1788–1879-“mary’s-lamb”-poems-our-children-designed-families-sabbath9c3b.html]
[node/123.html]
[node/124.html]
[node/125.html]
[node/126.html]
[node/127.html]
[node/128.html]
[node/129.html]
[node/1309c3b.html]
[node/130.html]
[chapter-4/nathaniel-hawthorne-asl-james-t-fields-may-23-18519c3b.html]
[node/131.html]
[node/132.html]
[node/1339c3b.html]
[node/133.html]
[chapter-4/nathaniel-hawthorne-transcribed-anne-higginson-description-his-daughter-una9c3b.html]
[node/134.html]
[node/135.html]
[node/136.html]
[node/137.html]
[node/138.html]
[node/139.html]
[node/140.html]
[node/89c3b.html]
[node/8.html]
[chapter-5/henry-wadsworth-longfellow-journal-february-24-18479c3b.html]
[node/169c3b.html]
[node/16.html]
[chapter-5/edgar-allan-poe-“review-longfellow’s-hyperion”-burton’s-gentleman’s-magazine-october-18399c3b.html]
[node/12.html]
[node/199c3b.html]
[node/19.html]
[chapter-5/edgar-allan-poe-“letter-b—-—”-southern-literary-messenger-july-18369c3b.html]
[node/159c3b.html]
[node/15.html]
[chapter-5/william-gilmore-simms-edgar-allan-poe-autographed-letter-july-30-18469c3b.html]
[node/179c3b.html]
[node/17.html]
[chapter-5/william-e-burton-edgar-allan-poe-autographed-letter-may-30-18399c3b.html]
[node/189c3b.html]
[node/18.html]
[chapter-5/thomas-h-chivers-edgar-allan-poe-autographed-letter-august-27-18409c3b.html]
[node/20.html]
[node/339c3b.html]
[node/33.html]
[chapter-5/edgar-poe-“review-orion-r-h-horne”-graham’s-magazine-18449c3b.html]
[node/349c3b.html]
[node/34.html]
[chapter-5/edgar-allan-poe-“-chapter-autography-part-i”-graham’s-magazine-november-1841-19224-2349c3b.html]
[node/30.html]
[node/35.html]
[node/36.html]
[node/29.html]
[node/219c3b.html]
[node/21.html]
[chapter-5/fuller-editor-broadway-journal-e-poe9c3b.html]
[node/22.html]
[node/38.html]
[node/239c3b.html]
[node/23.html]
[chapter-5/edgar-allan-poe-frederick-w-thomas-autographed-letter-february-14-18499c3b.html]
[node/24.html]
[node/399c3b.html]
[node/39.html]
[chapter-5/oliver-wendell-holmes-“our-dead-singer”-atlantic-monthly-june-18829c3b.html]
[node/259c3b.html]
[node/25.html]
[chapter-5/edgar-allan-poe-rufus-wilmot-griswold-autographed-letter-may-29-18419c3b.html]
[node/269c3b.html]
[node/26.html]
[chapter-5/henry-wadsworth-longfellow-rufus-wilmot-griswold-autographed-letter-september-28-18509c3b.html]
[node/27.html]
[node/40.html]
[node/210.html]
[node/329c3b.html]
[node/32.html]
[chapter-5/edgar-allan-poe-“review-twice-told-tales”-graham’s-magazine-may-18429c3b.html]
[node/31.html]
[node/41.html]
[node/144.html]
[node/145.html]
[node/146.html]
[node/148.html]
[node/204.html]
[node/149.html]
[node/217.html]
[node/218.html]
[node/150.html]
[node/151.html]
[node/152.html]
[node/153.html]
[node/154.html]
[node/155.html]
[node/156.html]
[node/157.html]
[node/158.html]
[node/1599c3b.html]
[node/159.html]
[chapter-6/judith-sargent-murray-mercy-otis-warren-1728–1814-autographed-letter-march-17969c3b.html]
[node/160.html]
[node/161.html]
[node/162.html]
[node/163.html]
[node/219.html]
[node/164.html]
[blue.html]
[red.html]
[bred.html]
[orange.html]
[pyellow.html]
[yellow.html]
[pgreen.html]
[green.html]
[dgreen.html]
[fgreen.html]
[pblue.html]
[lblue.html]
[dblue.html]
[purple.html]
[pink.html]
[bpink.html]
[brown.html]
[white.html]
[lgray.html]
[gray.html]
[black.html]
[altblue.html]
[marker_monday.html]
[marker_tuesday.html]
[marker_wednesday.html]
[marker_thursday.html]
[marker_friday.html]
[marker_saturday.html]
[route1.html]
[route2.html]
[number1.html]
[number2.html]
[number3.html]
[number4.html]
[number5.html]
[number6.html]
[number7.html]
[number8.html]
[number9.html]
[number10.html]
[number11.html]
[number12.html]
[number13.html]
[number14.html]
[number15.html]
[number16.html]
[number17.html]
[number18.html]
[number19.html]
[number20.html]
[number21.html]
[number22.html]
[number23.html]
[number24.html]
[number25.html]
[number26.html]
[number27.html]
[number28.html]
[number29.html]
[number30.html]
[number31.html]
[number32.html]
[number33.html]
[number34.html]
[number35.html]
[number36.html]
[number37.html]
[number38.html]
[number39.html]
[number40.html]
[blank.html]
[cluster.html]
[drupal.html]
[vertex.html]
[letter1.html]
[letter2.html]
[letter3.html]
[letter4.html]
[letter5.html]
[letter6.html]
[letter7.html]
[letter8.html]
[letter9.html]
[node/929c3b.html]
[node/939c3b.html]
[node/949c3b.html]
[node/979c3b.html]
[node/1029c3b.html]
[node/1039c3b.html]
[node/1049c3b.html]
[node/879c3b.html]
[node/809c3b.html]
[node/859c3b.html]
[node/789c3b.html]
[node/849c3b.html]
[node/779c3b.html]
[node/839c3b.html]
[node/739c3b.html]
[node/869c3b.html]
[node/819c3b.html]
[node/799c3b.html]
[node/729c3b.html]
[node/1159c3b.html]
[node/1209c3b.html]
[node/1229c3b.html]
[node/1309c3b.html]
[node/1339c3b.html]
[node/89c3b.html]
[node/169c3b.html]
[node/199c3b.html]
[node/159c3b.html]
[node/179c3b.html]
[node/189c3b.html]
[node/339c3b.html]
[node/349c3b.html]
[node/219c3b.html]
[node/239c3b.html]
[node/399c3b.html]
[node/259c3b.html]
[node/269c3b.html]
[node/329c3b.html]
[node/1599c3b.html]
